--- Copying files at Thu Apr  9 22:38:04 UTC 2026
--- Copied files finished at Thu Apr  9 22:38:04 UTC 2026
--- Copying files at Thu Apr  9 23:01:56 UTC 2026
--- Copied files finished at Thu Apr  9 23:01:56 UTC 2026
--- Copying files at Fri Apr 10 15:19:38 UTC 2026
--- Copied files finished at Fri Apr 10 15:19:38 UTC 2026
--- Copying files at Fri Apr 10 23:02:08 UTC 2026
--- Copied files finished at Fri Apr 10 23:02:08 UTC 2026
--- Copying files at Fri Apr 10 23:14:38 UTC 2026
--- Copied files finished at Fri Apr 10 23:14:38 UTC 2026
--- Copying files at Sat Apr 11 13:07:48 UTC 2026
--- Copied files finished at Sat Apr 11 13:07:48 UTC 2026
--- Copying files at Sat Apr 11 15:12:55 UTC 2026
--- Copied files finished at Sat Apr 11 15:12:55 UTC 2026
--- Copying files at Sat Apr 11 15:21:57 UTC 2026
--- Copied files finished at Sat Apr 11 15:21:57 UTC 2026
--- Copying files at Sat Apr 11 15:49:51 UTC 2026
--- Copied files finished at Sat Apr 11 15:49:51 UTC 2026
--- Copying files at Mon Apr 13 08:51:33 UTC 2026
--- Copied files finished at Mon Apr 13 08:51:33 UTC 2026
--- Copying files at Mon Apr 13 12:17:32 UTC 2026
--- Copied files finished at Mon Apr 13 12:17:32 UTC 2026
--- Copying files at Mon Apr 13 21:34:51 UTC 2026
--- Copied files finished at Mon Apr 13 21:34:51 UTC 2026
--- Copying files at Tue Apr 14 14:14:46 UTC 2026
--- Copied files finished at Tue Apr 14 14:14:46 UTC 2026
--- Copying files at Fri Apr 17 15:47:54 UTC 2026
--- Copied files finished at Fri Apr 17 15:47:54 UTC 2026
--- Copying files at Sat Apr 18 15:37:28 UTC 2026
--- Copied files finished at Sat Apr 18 15:37:28 UTC 2026
--- Copying files at Sat Apr 18 15:48:48 UTC 2026
--- Copied files finished at Sat Apr 18 15:48:48 UTC 2026
--- Copying files at Thu Apr 23 19:58:12 UTC 2026
--- Copied files finished at Thu Apr 23 19:58:12 UTC 2026
--- Copying files at Thu Apr 23 20:43:59 UTC 2026
--- Copied files finished at Thu Apr 23 20:43:59 UTC 2026
--- Copying files at Sat Apr 25 14:13:42 UTC 2026
--- Copied files finished at Sat Apr 25 14:13:42 UTC 2026
